// Jest Snapshot v1, https://goo.gl/fbAQLP

exports[`Loading Should load correctly 1`] = `
<body>
  <div>
    <main
      class="loading_component"
    >
      <div
        class="loader"
      >
        <div
          class="bar"
        />
      </div>
      <img
        alt="Loading Logo"
        class="logo"
        src="loading.png"
      />
    </main>
  </div>
</body>
`;
