// Jest Snapshot v1, https://goo.gl/fbAQLP

exports[`Slider Should circle through Slider 1`] = `
<body
  style="color: rgb(16, 16, 16); background: rgb(241, 241, 241);"
>
  <div>
    <main
      class="slider_project"
    >
      <div
        class="title"
      >
        <h2>
          <span>
            /
          </span>
          Reviews
        </h2>
      </div>
      <div
        class="section-center"
      >
        <article
          class="activeSlide"
        >
          <img
            alt="maria ferguson"
            class="person-img"
            src="https://res.cloudinary.com/diqqf3eq2/image/upload/v1595959131/person-2_ipcjws.jpg"
          />
          <h4>
            maria ferguson
          </h4>
          <p
            class="title"
          >
            office manager
          </p>
          <p
            class="quote"
          >
            Fingerstache umami squid, kinfolk subway tile selvage tumblr man braid viral kombucha gentrify fanny pack raclette pok pok mustache.
          </p>
          <svg
            class="icon"
            fill="currentColor"
            height="1em"
            stroke="currentColor"
            stroke-width="0"
            viewBox="0 0 512 512"
            width="1em"
            xmlns="http://www.w3.org/2000/svg"
          >
            <path
              d="M464 32H336c-26.5 0-48 21.5-48 48v128c0 26.5 21.5 48 48 48h80v64c0 35.3-28.7 64-64 64h-8c-13.3 0-24 10.7-24 24v48c0 13.3 10.7 24 24 24h8c88.4 0 160-71.6 160-160V80c0-26.5-21.5-48-48-48zm-288 0H48C21.5 32 0 53.5 0 80v128c0 26.5 21.5 48 48 48h80v64c0 35.3-28.7 64-64 64h-8c-13.3 0-24 10.7-24 24v48c0 13.3 10.7 24 24 24h8c88.4 0 160-71.6 160-160V80c0-26.5-21.5-48-48-48z"
            />
          </svg>
        </article>
        <article
          class="nextSlide"
        >
          <img
            alt="john doe"
            class="person-img"
            src="https://res.cloudinary.com/diqqf3eq2/image/upload/v1586883417/person-3_ipa0mj.jpg"
          />
          <h4>
            john doe
          </h4>
          <p
            class="title"
          >
            regular guy
          </p>
          <p
            class="quote"
          >
            Gastropub sustainable tousled prism occupy. Viral XOXO roof party brunch actually, chambray listicle microdosing put a bird on it paleo subway tile squid umami.
          </p>
          <svg
            class="icon"
            fill="currentColor"
            height="1em"
            stroke="currentColor"
            stroke-width="0"
            viewBox="0 0 512 512"
            width="1em"
            xmlns="http://www.w3.org/2000/svg"
          >
            <path
              d="M464 32H336c-26.5 0-48 21.5-48 48v128c0 26.5 21.5 48 48 48h80v64c0 35.3-28.7 64-64 64h-8c-13.3 0-24 10.7-24 24v48c0 13.3 10.7 24 24 24h8c88.4 0 160-71.6 160-160V80c0-26.5-21.5-48-48-48zm-288 0H48C21.5 32 0 53.5 0 80v128c0 26.5 21.5 48 48 48h80v64c0 35.3-28.7 64-64 64h-8c-13.3 0-24 10.7-24 24v48c0 13.3 10.7 24 24 24h8c88.4 0 160-71.6 160-160V80c0-26.5-21.5-48-48-48z"
            />
          </svg>
        </article>
        <article
          class="nextSlide"
        >
          <img
            alt="peter smith"
            class="person-img"
            src="https://res.cloudinary.com/diqqf3eq2/image/upload/v1595959121/person-1_aufeoq.jpg"
          />
          <h4>
            peter smith
          </h4>
          <p
            class="title"
          >
            product designer
          </p>
          <p
            class="quote"
          >
            Drinking vinegar polaroid street art echo park, actually semiotics next level butcher master cleanse hammock flexitarian ethical paleo.
          </p>
          <svg
            class="icon"
            fill="currentColor"
            height="1em"
            stroke="currentColor"
            stroke-width="0"
            viewBox="0 0 512 512"
            width="1em"
            xmlns="http://www.w3.org/2000/svg"
          >
            <path
              d="M464 32H336c-26.5 0-48 21.5-48 48v128c0 26.5 21.5 48 48 48h80v64c0 35.3-28.7 64-64 64h-8c-13.3 0-24 10.7-24 24v48c0 13.3 10.7 24 24 24h8c88.4 0 160-71.6 160-160V80c0-26.5-21.5-48-48-48zm-288 0H48C21.5 32 0 53.5 0 80v128c0 26.5 21.5 48 48 48h80v64c0 35.3-28.7 64-64 64h-8c-13.3 0-24 10.7-24 24v48c0 13.3 10.7 24 24 24h8c88.4 0 160-71.6 160-160V80c0-26.5-21.5-48-48-48z"
            />
          </svg>
        </article>
        <article
          class="lastSlide"
        >
          <img
            alt="susan andersen"
            class="person-img"
            src="https://res.cloudinary.com/diqqf3eq2/image/upload/v1586883334/person-1_rfzshl.jpg"
          />
          <h4>
            susan andersen
          </h4>
          <p
            class="title"
          >
            the boss
          </p>
          <p
            class="quote"
          >
            Marfa af yr 3 wolf moon kogi, readymade distillery asymmetrical seitan kale chips fingerstache cloud bread mustache twee messenger bag. 
          </p>
          <svg
            class="icon"
            fill="currentColor"
            height="1em"
            stroke="currentColor"
            stroke-width="0"
            viewBox="0 0 512 512"
            width="1em"
            xmlns="http://www.w3.org/2000/svg"
          >
            <path
              d="M464 32H336c-26.5 0-48 21.5-48 48v128c0 26.5 21.5 48 48 48h80v64c0 35.3-28.7 64-64 64h-8c-13.3 0-24 10.7-24 24v48c0 13.3 10.7 24 24 24h8c88.4 0 160-71.6 160-160V80c0-26.5-21.5-48-48-48zm-288 0H48C21.5 32 0 53.5 0 80v128c0 26.5 21.5 48 48 48h80v64c0 35.3-28.7 64-64 64h-8c-13.3 0-24 10.7-24 24v48c0 13.3 10.7 24 24 24h8c88.4 0 160-71.6 160-160V80c0-26.5-21.5-48-48-48z"
            />
          </svg>
        </article>
        <button
          class="prev"
          data-testid="prev-btn"
        >
          <svg
            fill="none"
            height="1em"
            stroke="currentColor"
            stroke-linecap="round"
            stroke-linejoin="round"
            stroke-width="2"
            viewBox="0 0 24 24"
            width="1em"
            xmlns="http://www.w3.org/2000/svg"
          >
            <polyline
              points="15 18 9 12 15 6"
            />
          </svg>
        </button>
        <button
          class="next"
          data-testid="next-btn"
        >
          <svg
            fill="none"
            height="1em"
            stroke="currentColor"
            stroke-linecap="round"
            stroke-linejoin="round"
            stroke-width="2"
            viewBox="0 0 24 24"
            width="1em"
            xmlns="http://www.w3.org/2000/svg"
          >
            <polyline
              points="9 18 15 12 9 6"
            />
          </svg>
        </button>
      </div>
    </main>
  </div>
</body>
`;

exports[`Slider Should render correctly 1`] = `
<main
  className="slider_project"
>
  <div
    className="title"
  >
    <h2>
      <span>
        /
      </span>
      Reviews
    </h2>
  </div>
  <div
    className="section-center"
  >
    <article
      className="activeSlide"
    >
      <img
        alt="maria ferguson"
        className="person-img"
        src="https://res.cloudinary.com/diqqf3eq2/image/upload/v1595959131/person-2_ipcjws.jpg"
      />
      <h4>
        maria ferguson
      </h4>
      <p
        className="title"
      >
        office manager
      </p>
      <p
        className="quote"
      >
        Fingerstache umami squid, kinfolk subway tile selvage tumblr man braid viral kombucha gentrify fanny pack raclette pok pok mustache.
      </p>
      <svg
        className="icon"
        fill="currentColor"
        height="1em"
        stroke="currentColor"
        strokeWidth="0"
        style={
          Object {
            "color": undefined,
          }
        }
        viewBox="0 0 512 512"
        width="1em"
        xmlns="http://www.w3.org/2000/svg"
      >
        <path
          d="M464 32H336c-26.5 0-48 21.5-48 48v128c0 26.5 21.5 48 48 48h80v64c0 35.3-28.7 64-64 64h-8c-13.3 0-24 10.7-24 24v48c0 13.3 10.7 24 24 24h8c88.4 0 160-71.6 160-160V80c0-26.5-21.5-48-48-48zm-288 0H48C21.5 32 0 53.5 0 80v128c0 26.5 21.5 48 48 48h80v64c0 35.3-28.7 64-64 64h-8c-13.3 0-24 10.7-24 24v48c0 13.3 10.7 24 24 24h8c88.4 0 160-71.6 160-160V80c0-26.5-21.5-48-48-48z"
        />
      </svg>
    </article>
    <article
      className="nextSlide"
    >
      <img
        alt="john doe"
        className="person-img"
        src="https://res.cloudinary.com/diqqf3eq2/image/upload/v1586883417/person-3_ipa0mj.jpg"
      />
      <h4>
        john doe
      </h4>
      <p
        className="title"
      >
        regular guy
      </p>
      <p
        className="quote"
      >
        Gastropub sustainable tousled prism occupy. Viral XOXO roof party brunch actually, chambray listicle microdosing put a bird on it paleo subway tile squid umami.
      </p>
      <svg
        className="icon"
        fill="currentColor"
        height="1em"
        stroke="currentColor"
        strokeWidth="0"
        style={
          Object {
            "color": undefined,
          }
        }
        viewBox="0 0 512 512"
        width="1em"
        xmlns="http://www.w3.org/2000/svg"
      >
        <path
          d="M464 32H336c-26.5 0-48 21.5-48 48v128c0 26.5 21.5 48 48 48h80v64c0 35.3-28.7 64-64 64h-8c-13.3 0-24 10.7-24 24v48c0 13.3 10.7 24 24 24h8c88.4 0 160-71.6 160-160V80c0-26.5-21.5-48-48-48zm-288 0H48C21.5 32 0 53.5 0 80v128c0 26.5 21.5 48 48 48h80v64c0 35.3-28.7 64-64 64h-8c-13.3 0-24 10.7-24 24v48c0 13.3 10.7 24 24 24h8c88.4 0 160-71.6 160-160V80c0-26.5-21.5-48-48-48z"
        />
      </svg>
    </article>
    <article
      className="nextSlide"
    >
      <img
        alt="peter smith"
        className="person-img"
        src="https://res.cloudinary.com/diqqf3eq2/image/upload/v1595959121/person-1_aufeoq.jpg"
      />
      <h4>
        peter smith
      </h4>
      <p
        className="title"
      >
        product designer
      </p>
      <p
        className="quote"
      >
        Drinking vinegar polaroid street art echo park, actually semiotics next level butcher master cleanse hammock flexitarian ethical paleo.
      </p>
      <svg
        className="icon"
        fill="currentColor"
        height="1em"
        stroke="currentColor"
        strokeWidth="0"
        style={
          Object {
            "color": undefined,
          }
        }
        viewBox="0 0 512 512"
        width="1em"
        xmlns="http://www.w3.org/2000/svg"
      >
        <path
          d="M464 32H336c-26.5 0-48 21.5-48 48v128c0 26.5 21.5 48 48 48h80v64c0 35.3-28.7 64-64 64h-8c-13.3 0-24 10.7-24 24v48c0 13.3 10.7 24 24 24h8c88.4 0 160-71.6 160-160V80c0-26.5-21.5-48-48-48zm-288 0H48C21.5 32 0 53.5 0 80v128c0 26.5 21.5 48 48 48h80v64c0 35.3-28.7 64-64 64h-8c-13.3 0-24 10.7-24 24v48c0 13.3 10.7 24 24 24h8c88.4 0 160-71.6 160-160V80c0-26.5-21.5-48-48-48z"
        />
      </svg>
    </article>
    <article
      className="lastSlide"
    >
      <img
        alt="susan andersen"
        className="person-img"
        src="https://res.cloudinary.com/diqqf3eq2/image/upload/v1586883334/person-1_rfzshl.jpg"
      />
      <h4>
        susan andersen
      </h4>
      <p
        className="title"
      >
        the boss
      </p>
      <p
        className="quote"
      >
        Marfa af yr 3 wolf moon kogi, readymade distillery asymmetrical seitan kale chips fingerstache cloud bread mustache twee messenger bag. 
      </p>
      <svg
        className="icon"
        fill="currentColor"
        height="1em"
        stroke="currentColor"
        strokeWidth="0"
        style={
          Object {
            "color": undefined,
          }
        }
        viewBox="0 0 512 512"
        width="1em"
        xmlns="http://www.w3.org/2000/svg"
      >
        <path
          d="M464 32H336c-26.5 0-48 21.5-48 48v128c0 26.5 21.5 48 48 48h80v64c0 35.3-28.7 64-64 64h-8c-13.3 0-24 10.7-24 24v48c0 13.3 10.7 24 24 24h8c88.4 0 160-71.6 160-160V80c0-26.5-21.5-48-48-48zm-288 0H48C21.5 32 0 53.5 0 80v128c0 26.5 21.5 48 48 48h80v64c0 35.3-28.7 64-64 64h-8c-13.3 0-24 10.7-24 24v48c0 13.3 10.7 24 24 24h8c88.4 0 160-71.6 160-160V80c0-26.5-21.5-48-48-48z"
        />
      </svg>
    </article>
    <button
      className="prev"
      data-testid="prev-btn"
      onClick={[Function]}
    >
      <svg
        fill="none"
        height="1em"
        stroke="currentColor"
        strokeLinecap="round"
        strokeLinejoin="round"
        strokeWidth="2"
        style={
          Object {
            "color": undefined,
          }
        }
        viewBox="0 0 24 24"
        width="1em"
        xmlns="http://www.w3.org/2000/svg"
      >
        <polyline
          points="15 18 9 12 15 6"
        />
      </svg>
    </button>
    <button
      className="next"
      data-testid="next-btn"
      onClick={[Function]}
    >
      <svg
        fill="none"
        height="1em"
        stroke="currentColor"
        strokeLinecap="round"
        strokeLinejoin="round"
        strokeWidth="2"
        style={
          Object {
            "color": undefined,
          }
        }
        viewBox="0 0 24 24"
        width="1em"
        xmlns="http://www.w3.org/2000/svg"
      >
        <polyline
          points="9 18 15 12 9 6"
        />
      </svg>
    </button>
  </div>
</main>
`;

exports[`Slider Should render next review 1`] = `
<body
  style="background: rgb(241, 241, 241); color: rgb(16, 16, 16);"
>
  <div>
    <main
      class="slider_project"
    >
      <div
        class="title"
      >
        <h2>
          <span>
            /
          </span>
          Reviews
        </h2>
      </div>
      <div
        class="section-center"
      >
        <article
          class="lastSlide"
        >
          <img
            alt="maria ferguson"
            class="person-img"
            src="https://res.cloudinary.com/diqqf3eq2/image/upload/v1595959131/person-2_ipcjws.jpg"
          />
          <h4>
            maria ferguson
          </h4>
          <p
            class="title"
          >
            office manager
          </p>
          <p
            class="quote"
          >
            Fingerstache umami squid, kinfolk subway tile selvage tumblr man braid viral kombucha gentrify fanny pack raclette pok pok mustache.
          </p>
          <svg
            class="icon"
            fill="currentColor"
            height="1em"
            stroke="currentColor"
            stroke-width="0"
            viewBox="0 0 512 512"
            width="1em"
            xmlns="http://www.w3.org/2000/svg"
          >
            <path
              d="M464 32H336c-26.5 0-48 21.5-48 48v128c0 26.5 21.5 48 48 48h80v64c0 35.3-28.7 64-64 64h-8c-13.3 0-24 10.7-24 24v48c0 13.3 10.7 24 24 24h8c88.4 0 160-71.6 160-160V80c0-26.5-21.5-48-48-48zm-288 0H48C21.5 32 0 53.5 0 80v128c0 26.5 21.5 48 48 48h80v64c0 35.3-28.7 64-64 64h-8c-13.3 0-24 10.7-24 24v48c0 13.3 10.7 24 24 24h8c88.4 0 160-71.6 160-160V80c0-26.5-21.5-48-48-48z"
            />
          </svg>
        </article>
        <article
          class="activeSlide"
        >
          <img
            alt="john doe"
            class="person-img"
            src="https://res.cloudinary.com/diqqf3eq2/image/upload/v1586883417/person-3_ipa0mj.jpg"
          />
          <h4>
            john doe
          </h4>
          <p
            class="title"
          >
            regular guy
          </p>
          <p
            class="quote"
          >
            Gastropub sustainable tousled prism occupy. Viral XOXO roof party brunch actually, chambray listicle microdosing put a bird on it paleo subway tile squid umami.
          </p>
          <svg
            class="icon"
            fill="currentColor"
            height="1em"
            stroke="currentColor"
            stroke-width="0"
            viewBox="0 0 512 512"
            width="1em"
            xmlns="http://www.w3.org/2000/svg"
          >
            <path
              d="M464 32H336c-26.5 0-48 21.5-48 48v128c0 26.5 21.5 48 48 48h80v64c0 35.3-28.7 64-64 64h-8c-13.3 0-24 10.7-24 24v48c0 13.3 10.7 24 24 24h8c88.4 0 160-71.6 160-160V80c0-26.5-21.5-48-48-48zm-288 0H48C21.5 32 0 53.5 0 80v128c0 26.5 21.5 48 48 48h80v64c0 35.3-28.7 64-64 64h-8c-13.3 0-24 10.7-24 24v48c0 13.3 10.7 24 24 24h8c88.4 0 160-71.6 160-160V80c0-26.5-21.5-48-48-48z"
            />
          </svg>
        </article>
        <article
          class="nextSlide"
        >
          <img
            alt="peter smith"
            class="person-img"
            src="https://res.cloudinary.com/diqqf3eq2/image/upload/v1595959121/person-1_aufeoq.jpg"
          />
          <h4>
            peter smith
          </h4>
          <p
            class="title"
          >
            product designer
          </p>
          <p
            class="quote"
          >
            Drinking vinegar polaroid street art echo park, actually semiotics next level butcher master cleanse hammock flexitarian ethical paleo.
          </p>
          <svg
            class="icon"
            fill="currentColor"
            height="1em"
            stroke="currentColor"
            stroke-width="0"
            viewBox="0 0 512 512"
            width="1em"
            xmlns="http://www.w3.org/2000/svg"
          >
            <path
              d="M464 32H336c-26.5 0-48 21.5-48 48v128c0 26.5 21.5 48 48 48h80v64c0 35.3-28.7 64-64 64h-8c-13.3 0-24 10.7-24 24v48c0 13.3 10.7 24 24 24h8c88.4 0 160-71.6 160-160V80c0-26.5-21.5-48-48-48zm-288 0H48C21.5 32 0 53.5 0 80v128c0 26.5 21.5 48 48 48h80v64c0 35.3-28.7 64-64 64h-8c-13.3 0-24 10.7-24 24v48c0 13.3 10.7 24 24 24h8c88.4 0 160-71.6 160-160V80c0-26.5-21.5-48-48-48z"
            />
          </svg>
        </article>
        <article
          class="nextSlide"
        >
          <img
            alt="susan andersen"
            class="person-img"
            src="https://res.cloudinary.com/diqqf3eq2/image/upload/v1586883334/person-1_rfzshl.jpg"
          />
          <h4>
            susan andersen
          </h4>
          <p
            class="title"
          >
            the boss
          </p>
          <p
            class="quote"
          >
            Marfa af yr 3 wolf moon kogi, readymade distillery asymmetrical seitan kale chips fingerstache cloud bread mustache twee messenger bag. 
          </p>
          <svg
            class="icon"
            fill="currentColor"
            height="1em"
            stroke="currentColor"
            stroke-width="0"
            viewBox="0 0 512 512"
            width="1em"
            xmlns="http://www.w3.org/2000/svg"
          >
            <path
              d="M464 32H336c-26.5 0-48 21.5-48 48v128c0 26.5 21.5 48 48 48h80v64c0 35.3-28.7 64-64 64h-8c-13.3 0-24 10.7-24 24v48c0 13.3 10.7 24 24 24h8c88.4 0 160-71.6 160-160V80c0-26.5-21.5-48-48-48zm-288 0H48C21.5 32 0 53.5 0 80v128c0 26.5 21.5 48 48 48h80v64c0 35.3-28.7 64-64 64h-8c-13.3 0-24 10.7-24 24v48c0 13.3 10.7 24 24 24h8c88.4 0 160-71.6 160-160V80c0-26.5-21.5-48-48-48z"
            />
          </svg>
        </article>
        <button
          class="prev"
          data-testid="prev-btn"
        >
          <svg
            fill="none"
            height="1em"
            stroke="currentColor"
            stroke-linecap="round"
            stroke-linejoin="round"
            stroke-width="2"
            viewBox="0 0 24 24"
            width="1em"
            xmlns="http://www.w3.org/2000/svg"
          >
            <polyline
              points="15 18 9 12 15 6"
            />
          </svg>
        </button>
        <button
          class="next"
          data-testid="next-btn"
        >
          <svg
            fill="none"
            height="1em"
            stroke="currentColor"
            stroke-linecap="round"
            stroke-linejoin="round"
            stroke-width="2"
            viewBox="0 0 24 24"
            width="1em"
            xmlns="http://www.w3.org/2000/svg"
          >
            <polyline
              points="9 18 15 12 9 6"
            />
          </svg>
        </button>
      </div>
    </main>
  </div>
</body>
`;

exports[`Slider Should render previous review 1`] = `
<body
  style="color: rgb(16, 16, 16); background: rgb(241, 241, 241);"
>
  <div>
    <main
      class="slider_project"
    >
      <div
        class="title"
      >
        <h2>
          <span>
            /
          </span>
          Reviews
        </h2>
      </div>
      <div
        class="section-center"
      >
        <article
          class="nextSlide"
        >
          <img
            alt="maria ferguson"
            class="person-img"
            src="https://res.cloudinary.com/diqqf3eq2/image/upload/v1595959131/person-2_ipcjws.jpg"
          />
          <h4>
            maria ferguson
          </h4>
          <p
            class="title"
          >
            office manager
          </p>
          <p
            class="quote"
          >
            Fingerstache umami squid, kinfolk subway tile selvage tumblr man braid viral kombucha gentrify fanny pack raclette pok pok mustache.
          </p>
          <svg
            class="icon"
            fill="currentColor"
            height="1em"
            stroke="currentColor"
            stroke-width="0"
            viewBox="0 0 512 512"
            width="1em"
            xmlns="http://www.w3.org/2000/svg"
          >
            <path
              d="M464 32H336c-26.5 0-48 21.5-48 48v128c0 26.5 21.5 48 48 48h80v64c0 35.3-28.7 64-64 64h-8c-13.3 0-24 10.7-24 24v48c0 13.3 10.7 24 24 24h8c88.4 0 160-71.6 160-160V80c0-26.5-21.5-48-48-48zm-288 0H48C21.5 32 0 53.5 0 80v128c0 26.5 21.5 48 48 48h80v64c0 35.3-28.7 64-64 64h-8c-13.3 0-24 10.7-24 24v48c0 13.3 10.7 24 24 24h8c88.4 0 160-71.6 160-160V80c0-26.5-21.5-48-48-48z"
            />
          </svg>
        </article>
        <article
          class="nextSlide"
        >
          <img
            alt="john doe"
            class="person-img"
            src="https://res.cloudinary.com/diqqf3eq2/image/upload/v1586883417/person-3_ipa0mj.jpg"
          />
          <h4>
            john doe
          </h4>
          <p
            class="title"
          >
            regular guy
          </p>
          <p
            class="quote"
          >
            Gastropub sustainable tousled prism occupy. Viral XOXO roof party brunch actually, chambray listicle microdosing put a bird on it paleo subway tile squid umami.
          </p>
          <svg
            class="icon"
            fill="currentColor"
            height="1em"
            stroke="currentColor"
            stroke-width="0"
            viewBox="0 0 512 512"
            width="1em"
            xmlns="http://www.w3.org/2000/svg"
          >
            <path
              d="M464 32H336c-26.5 0-48 21.5-48 48v128c0 26.5 21.5 48 48 48h80v64c0 35.3-28.7 64-64 64h-8c-13.3 0-24 10.7-24 24v48c0 13.3 10.7 24 24 24h8c88.4 0 160-71.6 160-160V80c0-26.5-21.5-48-48-48zm-288 0H48C21.5 32 0 53.5 0 80v128c0 26.5 21.5 48 48 48h80v64c0 35.3-28.7 64-64 64h-8c-13.3 0-24 10.7-24 24v48c0 13.3 10.7 24 24 24h8c88.4 0 160-71.6 160-160V80c0-26.5-21.5-48-48-48z"
            />
          </svg>
        </article>
        <article
          class="lastSlide"
        >
          <img
            alt="peter smith"
            class="person-img"
            src="https://res.cloudinary.com/diqqf3eq2/image/upload/v1595959121/person-1_aufeoq.jpg"
          />
          <h4>
            peter smith
          </h4>
          <p
            class="title"
          >
            product designer
          </p>
          <p
            class="quote"
          >
            Drinking vinegar polaroid street art echo park, actually semiotics next level butcher master cleanse hammock flexitarian ethical paleo.
          </p>
          <svg
            class="icon"
            fill="currentColor"
            height="1em"
            stroke="currentColor"
            stroke-width="0"
            viewBox="0 0 512 512"
            width="1em"
            xmlns="http://www.w3.org/2000/svg"
          >
            <path
              d="M464 32H336c-26.5 0-48 21.5-48 48v128c0 26.5 21.5 48 48 48h80v64c0 35.3-28.7 64-64 64h-8c-13.3 0-24 10.7-24 24v48c0 13.3 10.7 24 24 24h8c88.4 0 160-71.6 160-160V80c0-26.5-21.5-48-48-48zm-288 0H48C21.5 32 0 53.5 0 80v128c0 26.5 21.5 48 48 48h80v64c0 35.3-28.7 64-64 64h-8c-13.3 0-24 10.7-24 24v48c0 13.3 10.7 24 24 24h8c88.4 0 160-71.6 160-160V80c0-26.5-21.5-48-48-48z"
            />
          </svg>
        </article>
        <article
          class="activeSlide"
        >
          <img
            alt="susan andersen"
            class="person-img"
            src="https://res.cloudinary.com/diqqf3eq2/image/upload/v1586883334/person-1_rfzshl.jpg"
          />
          <h4>
            susan andersen
          </h4>
          <p
            class="title"
          >
            the boss
          </p>
          <p
            class="quote"
          >
            Marfa af yr 3 wolf moon kogi, readymade distillery asymmetrical seitan kale chips fingerstache cloud bread mustache twee messenger bag. 
          </p>
          <svg
            class="icon"
            fill="currentColor"
            height="1em"
            stroke="currentColor"
            stroke-width="0"
            viewBox="0 0 512 512"
            width="1em"
            xmlns="http://www.w3.org/2000/svg"
          >
            <path
              d="M464 32H336c-26.5 0-48 21.5-48 48v128c0 26.5 21.5 48 48 48h80v64c0 35.3-28.7 64-64 64h-8c-13.3 0-24 10.7-24 24v48c0 13.3 10.7 24 24 24h8c88.4 0 160-71.6 160-160V80c0-26.5-21.5-48-48-48zm-288 0H48C21.5 32 0 53.5 0 80v128c0 26.5 21.5 48 48 48h80v64c0 35.3-28.7 64-64 64h-8c-13.3 0-24 10.7-24 24v48c0 13.3 10.7 24 24 24h8c88.4 0 160-71.6 160-160V80c0-26.5-21.5-48-48-48z"
            />
          </svg>
        </article>
        <button
          class="prev"
          data-testid="prev-btn"
        >
          <svg
            fill="none"
            height="1em"
            stroke="currentColor"
            stroke-linecap="round"
            stroke-linejoin="round"
            stroke-width="2"
            viewBox="0 0 24 24"
            width="1em"
            xmlns="http://www.w3.org/2000/svg"
          >
            <polyline
              points="15 18 9 12 15 6"
            />
          </svg>
        </button>
        <button
          class="next"
          data-testid="next-btn"
        >
          <svg
            fill="none"
            height="1em"
            stroke="currentColor"
            stroke-linecap="round"
            stroke-linejoin="round"
            stroke-width="2"
            viewBox="0 0 24 24"
            width="1em"
            xmlns="http://www.w3.org/2000/svg"
          >
            <polyline
              points="9 18 15 12 9 6"
            />
          </svg>
        </button>
      </div>
    </main>
  </div>
</body>
`;
